[开集] 从 database 移除帧号 30-39 共 10 张，剩余 90 张
================================================================================
Split: night_right
Num queries: 50
Tolerance: ±3 frames
Index range: 0-49
验证集拟合 gate: similarity -> deploy/results/protocol/v3_triplet_resnet18/gate_similarity.json
oracle 零假阳性序列分数阈值: 0.8347
recall@1: 0.8200
recall@5: 0.9200
recall@10: 0.9200
precision@5: 0.6440
runtime/retrieval_ms_per_query: 0.1176
oracle/sequence_recall@100%precision: 0.3600
open_set/sequence_auprc: 0.8563
oracle/open_set/best_f1: 0.8791
oracle/open_set/best_f1_threshold: 0.7463
oracle/open_set/recall@100%precision: 0.3913
oracle/open_set/threshold@100%precision: 0.8347
validation_gate/precision: 0.8889
validation_gate/recall: 0.8696
validation_gate/f1: 0.8791
validation_gate/TP: 40.0000
validation_gate/FP: 5.0000
validation_gate/FN: 3.0000
validation_gate/TN: 2.0000
