  [预热] 显存频率 14001 / 14001 MHz  ✓ 已满频

--- 延迟：fp16，配对交替 ---
W0928 14:33:28.825000 249027 site-packages/torch/_inductor/utils.py:1731] [0/0] Not enough SMs to use max_autotune_gemm mode
  fp16 default          b1   编译    5.0 s | eager    2.204 → 编译    1.465 ms  ×1.50  （编译更快的轮数 10/10）
  fp16 default          b32  编译    4.5 s | eager   13.886 → 编译   12.728 ms  ×1.09  （编译更快的轮数 6/6）
  fp16 reduce-overhead  b1   编译    3.5 s | eager    2.247 → 编译    0.863 ms  ×2.60  （编译更快的轮数 10/10）
  fp16 reduce-overhead  b32  编译    3.3 s | eager   12.837 → 编译   11.004 ms  ×1.17  （编译更快的轮数 6/6）
Autotune Choices Stats:
{"num_choices": 2, "num_triton_choices": 0, "best_kernel": "addmm", "best_time": 0.019328000023961067}
AUTOTUNE addmm(257x1536, 257x384, 384x1536)
strides: [0, 1], [384, 1], [1, 384]
dtypes: torch.float16, torch.float16, torch.float16
  addmm 0.0193 ms 100.0% 
  bias_addmm 0.0202 ms 95.7% 
SingleProcess AUTOTUNE benchmarking takes 0.0566 seconds and 0.0001 seconds precompiling for 2 choices
Autotune Choices Stats:
{"num_choices": 2, "num_triton_choices": 0, "best_kernel": "addmm", "best_time": 0.014879999682307243}
AUTOTUNE addmm(257x1152, 257x384, 384x1152)
strides: [0, 1], [384, 1], [1, 384]
dtypes: torch.float16, torch.float16, torch.float16
  addmm 0.0149 ms 100.0% 
  bias_addmm 0.0164 ms 90.8% 
SingleProcess AUTOTUNE benchmarking takes 0.0508 seconds and 0.0001 seconds precompiling for 2 choices
Autotune Choices Stats:
{"num_choices": 2, "num_triton_choices": 0, "best_kernel": "bias_addmm", "best_time": 0.008704000152647495}
AUTOTUNE addmm(257x384, 257x384, 384x384)
strides: [0, 1], [384, 1], [1, 384]
dtypes: torch.float16, torch.float16, torch.float16
  bias_addmm 0.0087 ms 100.0% 
  addmm 0.0132 ms 65.9% 
SingleProcess AUTOTUNE benchmarking takes 0.0496 seconds and 0.0001 seconds precompiling for 2 choices
Autotune Choices Stats:
{"num_choices": 2, "num_triton_choices": 0, "best_kernel": "addmm", "best_time": 0.019360000267624855}
AUTOTUNE addmm(257x384, 257x1536, 1536x384)
strides: [0, 1], [1536, 1], [1, 1536]
dtypes: torch.float16, torch.float16, torch.float16
  addmm 0.0194 ms 100.0% 
  bias_addmm 0.0270 ms 71.6% 
SingleProcess AUTOTUNE benchmarking takes 0.0513 seconds and 0.0001 seconds precompiling for 2 choices
  fp16 max-autotune     b1   编译   15.7 s | eager    2.361 → 编译    0.829 ms  ×2.85  （编译更快的轮数 10/10）
Autotune Choices Stats:
{"num_choices": 2, "num_triton_choices": 0, "best_kernel": "bias_addmm", "best_time": 0.1483200043439865}
AUTOTUNE addmm(8224x1152, 8224x384, 384x1152)
strides: [0, 1], [384, 1], [1, 384]
dtypes: torch.float16, torch.float16, torch.float16
  bias_addmm 0.1483 ms 100.0% 
  addmm 0.1908 ms 77.7% 
SingleProcess AUTOTUNE benchmarking takes 0.0787 seconds and 0.0001 seconds precompiling for 2 choices
Autotune Choices Stats:
{"num_choices": 2, "num_triton_choices": 0, "best_kernel": "bias_addmm", "best_time": 0.05942400172352791}
AUTOTUNE addmm(8224x384, 8224x384, 384x384)
strides: [0, 1], [384, 1], [1, 384]
dtypes: torch.float16, torch.float16, torch.float16
  bias_addmm 0.0594 ms 100.0% 
  addmm 0.0772 ms 77.0% 
SingleProcess AUTOTUNE benchmarking takes 0.0560 seconds and 0.0001 seconds precompiling for 2 choices
Autotune Choices Stats:
{"num_choices": 2, "num_triton_choices": 0, "best_kernel": "bias_addmm", "best_time": 0.20479999482631683}
AUTOTUNE addmm(8224x1536, 8224x384, 384x1536)
strides: [0, 1], [384, 1], [1, 384]
dtypes: torch.float16, torch.float16, torch.float16
  bias_addmm 0.2048 ms 100.0% 
  addmm 0.2509 ms 81.6% 
SingleProcess AUTOTUNE benchmarking takes 0.0898 seconds and 0.0001 seconds precompiling for 2 choices
Autotune Choices Stats:
{"num_choices": 2, "num_triton_choices": 0, "best_kernel": "bias_addmm", "best_time": 0.18726399540901184}
AUTOTUNE addmm(8224x384, 8224x1536, 1536x384)
strides: [0, 1], [1536, 1], [1, 1536]
dtypes: torch.float16, torch.float16, torch.float16
  bias_addmm 0.1873 ms 100.0% 
  addmm 0.2046 ms 91.5% 
SingleProcess AUTOTUNE benchmarking takes 0.0807 seconds and 0.0001 seconds precompiling for 2 choices
  fp16 max-autotune     b32  编译   22.3 s | eager   12.668 → 编译   11.139 ms  ×1.14  （编译更快的轮数 5/6）

--- 延迟：fp32，配对交替 ---
  fp32 default          b1   编译    4.5 s | eager    3.387 → 编译    3.073 ms  ×1.10  （编译更快的轮数 10/10）
  fp32 default          b32  编译    4.9 s | eager   44.536 → 编译   44.594 ms  ×1.00  （编译更快的轮数 4/6）
  fp32 reduce-overhead  b1   编译    4.4 s | eager    3.427 → 编译    2.909 ms  ×1.18  （编译更快的轮数 10/10）
  fp32 reduce-overhead  b32  编译    4.1 s | eager   48.516 → 编译   47.841 ms  ×1.01  （编译更快的轮数 5/6）
Autotune Choices Stats:
{"num_choices": 2, "num_triton_choices": 0, "best_kernel": "addmm", "best_time": 0.05011200159788132}
AUTOTUNE addmm(257x1152, 257x384, 384x1152)
strides: [0, 1], [384, 1], [1, 384]
dtypes: torch.float32, torch.float32, torch.float32
  addmm 0.0501 ms 100.0% 
  bias_addmm 0.0594 ms 84.4% 
SingleProcess AUTOTUNE benchmarking takes 0.0626 seconds and 0.0001 seconds precompiling for 2 choices
  fp32 max-autotune     b1   编译   14.9 s | eager    3.666 → 编译    3.141 ms  ×1.17  （编译更快的轮数 10/10）
Autotune Choices Stats:
{"num_choices": 2, "num_triton_choices": 0, "best_kernel": "bias_addmm", "best_time": 0.5884159803390503}
AUTOTUNE addmm(8224x1152, 8224x384, 384x1152)
strides: [0, 1], [384, 1], [1, 384]
dtypes: torch.float32, torch.float32, torch.float32
  bias_addmm 0.5884 ms 100.0% 
  addmm 0.6974 ms 84.4% 
SingleProcess AUTOTUNE benchmarking takes 0.1071 seconds and 0.0001 seconds precompiling for 2 choices
  fp32 max-autotune     b32  编译   18.1 s | eager   44.524 → 编译   43.044 ms  ×1.03  （编译更快的轮数 6/6）

--- 显存（单独驻留，batch 1）：fp16 ---
  fp16 eager            权重  41.3 MB | 峰值 allocated  139.3 MB / reserved  386.0 MB
  fp16 default          权重  41.3 MB | 峰值 allocated  139.3 MB / reserved  386.0 MB
  fp16 reduce-overhead  权重  41.3 MB | 峰值 allocated  128.0 MB / reserved  234.5 MB
  fp16 max-autotune     权重  41.3 MB | 峰值 allocated  128.0 MB / reserved  230.4 MB

--- 显存（单独驻留，batch 1）：fp32 ---
  fp32 eager            权重  82.5 MB | 峰值 allocated  179.2 MB / reserved  266.2 MB
  fp32 default          权重  82.5 MB | 峰值 allocated  179.2 MB / reserved  266.2 MB
  fp32 reduce-overhead  权重  82.5 MB | 峰值 allocated  166.9 MB / reserved  228.4 MB
  fp32 max-autotune     权重  82.5 MB | 峰值 allocated  165.9 MB / reserved  256.0 MB

已写入 deploy/results/compile_r2.json
